[2026-06-08 16:59:25] 
[WARNING] Website has 12 months but CSV has 17. This is expected if the
          website uses a rolling window, but verify data integrity.
[2026-06-08 16:59:25] 
[2026-06-08 16:59:25] Log saved to: C:\Users\deepankar.s\Documents\Forgent_deep\Forgent\forgent-vF 1\forgent-vF\step_3_maintenance\b_scripts\copper_price_updates.log
[2026-06-08 16:59:25] ============================================================
[2026-06-15 14:58:08] ============================================================
[2026-06-15 14:58:08] Copper Price Updater
[2026-06-15 14:58:08] ============================================================
[2026-06-15 14:58:08] Fetching data from: https://www.cnwire.com/CopperPrice.php
[2026-06-15 14:58:11] Found 12 months of price data on website
[2026-06-15 14:58:11] Loading existing prices from: C:\Users\deepankar.s\Documents\Forgent_deep\Forgent\forgent-vF 1\forgent-vF\step_3_maintenance\a.mappings\copper_price_index.csv
[2026-06-15 14:58:11] Existing CSV has 17 months
[2026-06-15 14:58:11] 
[2026-06-15 14:58:11] Website months: 2025-06 to 2026-05
[2026-06-15 14:58:11] CSV months:     2025-01 to 2026-05
[2026-06-15 14:58:11] 
[2026-06-15 14:58:11] Comparison:
[2026-06-15 14:58:11]   [OK] 12 months match between website and CSV
[2026-06-15 14:58:11]   [!] 5 month(s) in CSV but not on website - website may have dropped old data
[2026-06-15 14:58:11]       - 2025-01
[2026-06-15 14:58:11]       - 2025-02
[2026-06-15 14:58:11]       - 2025-03
[2026-06-15 14:58:11]       - 2025-04
[2026-06-15 14:58:11]       - 2025-05
[2026-06-15 14:58:11]   [NEW] 0 new months to add
[2026-06-15 14:58:11] 
[2026-06-15 14:58:11] No new months to add. CSV is up to date.
[2026-06-15 14:58:11] Latest available: 2026-05 ($6.2642/lb)
[2026-06-15 14:58:11] 
[INFO] Note: June 2026 data not yet available. Monthly averages are
       typically published in the first week after the month ends.
[2026-06-15 14:58:11] 
[WARNING] Website has 12 months but CSV has 17. This is expected if the
          website uses a rolling window, but verify data integrity.
[2026-06-15 14:58:11] 
[2026-06-15 14:58:11] Log saved to: C:\Users\deepankar.s\Documents\Forgent_deep\Forgent\forgent-vF 1\forgent-vF\step_3_maintenance\b_scripts\copper_price_updates.log
[2026-06-15 14:58:11] ============================================================
[2026-06-22 15:58:41] ============================================================
[2026-06-22 15:58:41] Copper Price Updater
[2026-06-22 15:58:41] ============================================================
[2026-06-22 15:58:41] Fetching data from: https://www.cnwire.com/CopperPrice.php
[2026-06-22 15:58:44] Found 12 months of price data on website
[2026-06-22 15:58:44] Loading existing prices from: C:\Users\deepankar.s\Documents\Forgent_deep\Forgent\forgent-vF 1\forgent-vF\step_3_maintenance\a.mappings\copper_price_index.csv
[2026-06-22 15:58:44] Existing CSV has 17 months
[2026-06-22 15:58:44] 
[2026-06-22 15:58:44] Website months: 2025-06 to 2026-05
[2026-06-22 15:58:44] CSV months:     2025-01 to 2026-05
[2026-06-22 15:58:44] 
[2026-06-22 15:58:44] Comparison:
[2026-06-22 15:58:44]   [OK] 12 months match between website and CSV
[2026-06-22 15:58:44]   [!] 5 month(s) in CSV but not on website - website may have dropped old data
[2026-06-22 15:58:44]       - 2025-01
[2026-06-22 15:58:44]       - 2025-02
[2026-06-22 15:58:44]       - 2025-03
[2026-06-22 15:58:44]       - 2025-04
[2026-06-22 15:58:44]       - 2025-05
[2026-06-22 15:58:45]   [NEW] 0 new months to add
[2026-06-22 15:58:45] 
[2026-06-22 15:58:45] No new months to add. CSV is up to date.
[2026-06-22 15:58:45] Latest available: 2026-05 ($6.2642/lb)
[2026-06-22 15:58:45] 
[INFO] Note: June 2026 data not yet available. Monthly averages are
       typically published in the first week after the month ends.
[2026-06-22 15:58:45] 
[WARNING] Website has 12 months but CSV has 17. This is expected if the
          website uses a rolling window, but verify data integrity.
[2026-06-22 15:58:45] 
[2026-06-22 15:58:45] Log saved to: C:\Users\deepankar.s\Documents\Forgent_deep\Forgent\forgent-vF 1\forgent-vF\step_3_maintenance\b_scripts\copper_price_updates.log
[2026-06-22 15:58:45] ============================================================
[2026-06-29 16:25:20] ============================================================
[2026-06-29 16:25:20] Copper Price Updater
[2026-06-29 16:25:20] ============================================================
[2026-06-29 16:25:20] Fetching data from: https://www.cnwire.com/CopperPrice.php
[2026-06-29 16:25:22] Found 12 months of price data on website
[2026-06-29 16:25:22] Loading existing prices from: C:\Users\deepankar.s\Documents\Forgent_deep\Forgent\forgent-vF 1\forgent-vF\step_3_maintenance\a.mappings\copper_price_index.csv
[2026-06-29 16:25:22] Existing CSV has 17 months
[2026-06-29 16:25:22] 
[2026-06-29 16:25:22] Website months: 2025-06 to 2026-05
[2026-06-29 16:25:22] CSV months:     2025-01 to 2026-05
[2026-06-29 16:25:22] 
[2026-06-29 16:25:23] Comparison:
[2026-06-29 16:25:23]   [OK] 12 months match between website and CSV
[2026-06-29 16:25:23]   [!] 5 month(s) in CSV but not on website - website may have dropped old data
[2026-06-29 16:25:23]       - 2025-01
[2026-06-29 16:25:23]       - 2025-02
[2026-06-29 16:25:23]       - 2025-03
[2026-06-29 16:25:23]       - 2025-04
[2026-06-29 16:25:23]       - 2025-05
[2026-06-29 16:25:23]   [NEW] 0 new months to add
[2026-06-29 16:25:23] 
[2026-06-29 16:25:23] No new months to add. CSV is up to date.
[2026-06-29 16:25:23] Latest available: 2026-05 ($6.2642/lb)
[2026-06-29 16:25:23] 
[INFO] Note: June 2026 data not yet available. Monthly averages are
       typically published in the first week after the month ends.
[2026-06-29 16:25:23] 
[WARNING] Website has 12 months but CSV has 17. This is expected if the
          website uses a rolling window, but verify data integrity.
[2026-06-29 16:25:23] 
[2026-06-29 16:25:23] Log saved to: C:\Users\deepankar.s\Documents\Forgent_deep\Forgent\forgent-vF 1\forgent-vF\step_3_maintenance\b_scripts\copper_price_updates.log
[2026-06-29 16:25:23] ============================================================
[2026-07-06 15:41:27] ============================================================
[2026-07-06 15:41:27] Copper Price Updater
[2026-07-06 15:41:27] ============================================================
[2026-07-06 15:41:27] Fetching data from: https://www.cnwire.com/CopperPrice.php
[2026-07-06 15:41:30] Found 12 months of price data on website
[2026-07-06 15:41:30] Loading existing prices from: C:\Users\deepankar.s\Documents\Forgent_deep\Forgent\forgent-vF 1\forgent-vF\step_3_maintenance\a.mappings\copper_price_index.csv
[2026-07-06 15:41:30] Existing CSV has 17 months
[2026-07-06 15:41:30] 
[2026-07-06 15:41:30] Website months: 2025-08 to 2026-06
[2026-07-06 15:41:30] CSV months:     2025-01 to 2026-05
[2026-07-06 15:41:30] 
[2026-07-06 15:41:30] Comparison:
[2026-07-06 15:41:30]   [OK] 10 months match between website and CSV
[2026-07-06 15:41:30]   [!] 7 month(s) in CSV but not on website - website may have dropped old data
[2026-07-06 15:41:30]   [NEW] 1 new month(s) to add
[2026-07-06 15:41:30] 
Found 2 NEW month(s):
[2026-07-06 15:41:30]   2026-06: $6.3223/lb
[2026-07-06 15:41:30]   2026-06: $6.3224/lb
[2026-07-06 15:41:30] 
Saving updated prices to: C:\Users\deepankar.s\Documents\Forgent_deep\Forgent\forgent-vF 1\forgent-vF\step_3_maintenance\a.mappings\copper_price_index.csv
[2026-07-06 15:41:30] Done! CSV now has 19 months.
[2026-07-06 15:41:30] 
[2026-07-06 15:41:30] Log saved to: C:\Users\deepankar.s\Documents\Forgent_deep\Forgent\forgent-vF 1\forgent-vF\step_3_maintenance\b_scripts\copper_price_updates.log
[2026-07-06 15:41:30] ============================================================
[2026-07-13 17:53:08] ============================================================
[2026-07-13 17:53:08] Copper Price Updater
[2026-07-13 17:53:08] ============================================================
[2026-07-13 17:53:08] Fetching data from: https://www.cnwire.com/CopperPrice.php
[2026-07-13 17:53:15] Found 12 months of price data on website
[2026-07-13 17:53:15] Loading existing prices from: C:\Users\deepankar.s\Documents\Forgent_deep\Forgent\forgent-vF 1\forgent-vF\step_3_maintenance\a.mappings\copper_price_index.csv
[2026-07-13 17:53:15] Existing CSV has 19 months
[2026-07-13 17:53:17] 
[2026-07-13 17:53:17] Website months: 2025-08 to 2026-06
[2026-07-13 17:53:17] CSV months:     2025-01 to 2026-06
[2026-07-13 17:53:17] 
[2026-07-13 17:53:17] Comparison:
[2026-07-13 17:53:17]   [OK] 11 months match between website and CSV
[2026-07-13 17:53:17]   [!] 7 month(s) in CSV but not on website - website may have dropped old data
[2026-07-13 17:53:17]   [NEW] 0 new months to add
[2026-07-13 17:53:18] 
[2026-07-13 17:53:18] No new months to add. CSV is up to date.
[2026-07-13 17:53:18] Latest available: 2026-06 ($6.3223/lb)
[2026-07-13 17:53:18] 
[INFO] Note: July 2026 data not yet available. Monthly averages are
       typically published in the first week after the month ends.
[2026-07-13 17:53:18] 
[WARNING] Website has 12 months but CSV has 19. This is expected if the
          website uses a rolling window, but verify data integrity.
[2026-07-13 17:53:18] 
[2026-07-13 17:53:18] Log saved to: C:\Users\deepankar.s\Documents\Forgent_deep\Forgent\forgent-vF 1\forgent-vF\step_3_maintenance\b_scripts\copper_price_updates.log
[2026-07-13 17:53:18] ============================================================
[2026-07-20 13:23:05] ============================================================
[2026-07-20 13:23:05] Copper Price Updater
[2026-07-20 13:23:05] ============================================================
[2026-07-20 13:23:05] Fetching data from: https://www.cnwire.com/CopperPrice.php
[2026-07-20 13:23:07] Found 12 months of price data on website
[2026-07-20 13:23:08] Loading existing prices from: C:\Users\deepankar.s\Documents\Forgent_deep\Forgent\forgent-vF 1\forgent-vF\step_3_maintenance\a.mappings\copper_price_index.csv
[2026-07-20 13:23:08] Existing CSV has 19 months
[2026-07-20 13:23:08] 
[2026-07-20 13:23:08] Website months: 2025-08 to 2026-06
[2026-07-20 13:23:08] CSV months:     2025-01 to 2026-06
[2026-07-20 13:23:08] 
[2026-07-20 13:23:08] Comparison:
[2026-07-20 13:23:08]   [OK] 11 months match between website and CSV
[2026-07-20 13:23:08]   [!] 7 month(s) in CSV but not on website - website may have dropped old data
[2026-07-20 13:23:08]   [NEW] 0 new months to add
[2026-07-20 13:23:08] 
[2026-07-20 13:23:08] No new months to add. CSV is up to date.
[2026-07-20 13:23:08] Latest available: 2026-06 ($6.3223/lb)
[2026-07-20 13:23:08] 
[INFO] Note: July 2026 data not yet available. Monthly averages are
       typically published in the first week after the month ends.
[2026-07-20 13:23:08] 
[WARNING] Website has 12 months but CSV has 19. This is expected if the
          website uses a rolling window, but verify data integrity.
[2026-07-20 13:23:08] 
[2026-07-20 13:23:08] Log saved to: C:\Users\deepankar.s\Documents\Forgent_deep\Forgent\forgent-vF 1\forgent-vF\step_3_maintenance\b_scripts\copper_price_updates.log
[2026-07-20 13:23:08] ============================================================
[2026-08-18 21:26:09] ============================================================
[2026-08-18 21:26:09] Copper Price Updater
[2026-08-18 21:26:09] ============================================================
[2026-08-18 21:26:09] Fetching data from: https://www.cnwire.com/CopperPrice.php
[2026-08-18 21:26:12] Found 12 months of price data on website
[2026-08-18 21:26:12] Loading existing prices from: c:\Users\pavan.cs\Downloads\spend cube procurement old\forgent-vF\step_3_maintenance\a.mappings\copper_price_index.csv
[2026-08-18 21:26:12] Existing CSV has 19 months
[2026-08-18 21:26:12] 
[2026-08-18 21:26:12] Website months: 2025-09 to 2026-07
[2026-08-18 21:26:12] CSV months:     2025-01 to 2026-06
[2026-08-18 21:26:12] 
[2026-08-18 21:26:12] Comparison:
[2026-08-18 21:26:12]   [OK] 10 months match between website and CSV
[2026-08-18 21:26:12]   [!] 8 month(s) in CSV but not on website - website may have dropped old data
[2026-08-18 21:26:12]   [NEW] 1 new month(s) to add
[2026-08-18 21:26:12] 
Found 1 NEW month(s):
[2026-08-18 21:26:13]   2026-07: $6.2802/lb
[2026-08-18 21:26:13] 
Saving updated prices to: c:\Users\pavan.cs\Downloads\spend cube procurement old\forgent-vF\step_3_maintenance\a.mappings\copper_price_index.csv
[2026-08-18 21:26:13] Done! CSV now has 20 months.
[2026-08-18 21:26:13] 
[2026-08-18 21:26:13] Log saved to: c:\Users\pavan.cs\Downloads\spend cube procurement old\forgent-vF\step_3_maintenance\b_scripts\copper_price_updates.log
[2026-08-18 21:26:13] ============================================================
[2026-08-18 21:32:21] ============================================================
[2026-08-18 21:32:21] Copper Price Updater
[2026-08-18 21:32:21] ============================================================
[2026-08-18 21:32:21] Fetching data from: https://www.cnwire.com/CopperPrice.php
[2026-08-18 21:32:24] Found 12 months of price data on website
[2026-08-18 21:32:24] Loading existing prices from: c:\Users\pavan.cs\Downloads\spend cube procurement old\forgent-vF\step_3_maintenance\a.mappings\copper_price_index.csv
[2026-08-18 21:32:24] Existing CSV has 20 months
[2026-08-18 21:32:24] 
[2026-08-18 21:32:24] Website months: 2025-09 to 2026-07
[2026-08-18 21:32:24] CSV months:     2025-01 to 2026-07
[2026-08-18 21:32:24] 
[2026-08-18 21:32:24] Comparison:
[2026-08-18 21:32:24]   [OK] 11 months match between website and CSV
[2026-08-18 21:32:24]   [!] 8 month(s) in CSV but not on website - website may have dropped old data
[2026-08-18 21:32:24]   [NEW] 0 new months to add
[2026-08-18 21:32:24] 
[2026-08-18 21:32:24] No new months to add. CSV is up to date.
[2026-08-18 21:32:24] Latest available: 2026-07 ($6.2802/lb)
[2026-08-18 21:32:24] 
[INFO] Note: August 2026 data not yet available. Monthly averages are
       typically published in the first week after the month ends.
[2026-08-18 21:32:24] 
[WARNING] Website has 12 months but CSV has 20. This is expected if the
          website uses a rolling window, but verify data integrity.
[2026-08-18 21:32:24] 
[2026-08-18 21:32:24] Log saved to: c:\Users\pavan.cs\Downloads\spend cube procurement old\forgent-vF\step_3_maintenance\b_scripts\copper_price_updates.log
[2026-08-18 21:32:24] ============================================================
[2026-08-18 21:59:05] ============================================================
[2026-08-18 21:59:05] Copper Price Updater
[2026-08-18 21:59:05] ============================================================
[2026-08-18 21:59:05] Fetching data from: https://www.cnwire.com/CopperPrice.php
[2026-08-18 21:59:08] Found 12 months of price data on website
[2026-08-18 21:59:08] Loading existing prices from: c:\Users\pavan.cs\Downloads\spend cube procurement old\forgent-vF\step_3_maintenance\a.mappings\copper_price_index.csv
[2026-08-18 21:59:08] Existing CSV has 20 months
[2026-08-18 21:59:08] 
[2026-08-18 21:59:08] Website months: 2025-09 to 2026-07
[2026-08-18 21:59:08] CSV months:     2025-01 to 2026-07
[2026-08-18 21:59:08] 
[2026-08-18 21:59:08] Comparison:
[2026-08-18 21:59:08]   [OK] 11 months match between website and CSV
[2026-08-18 21:59:08]   [!] 8 month(s) in CSV but not on website - website may have dropped old data
[2026-08-18 21:59:08]   [NEW] 0 new months to add
[2026-08-18 21:59:08] 
[2026-08-18 21:59:08] No new months to add. CSV is up to date.
[2026-08-18 21:59:08] Latest available: 2026-07 ($6.2802/lb)
[2026-08-18 21:59:08] 
[INFO] Note: August 2026 data not yet available. Monthly averages are
       typically published in the first week after the month ends.
[2026-08-18 21:59:08] 
[WARNING] Website has 12 months but CSV has 20. This is expected if the
          website uses a rolling window, but verify data integrity.
[2026-08-18 21:59:08] 
[2026-08-18 21:59:08] Log saved to: c:\Users\pavan.cs\Downloads\spend cube procurement old\forgent-vF\step_3_maintenance\b_scripts\copper_price_updates.log
[2026-08-18 21:59:08] ============================================================
[2026-08-18 22:06:20] ============================================================
[2026-08-18 22:06:20] Copper Price Updater
[2026-08-18 22:06:20] ============================================================
[2026-08-18 22:06:20] Fetching data from: https://www.cnwire.com/CopperPrice.php
[2026-08-18 22:06:23] Found 12 months of price data on website
[2026-08-18 22:06:23] Loading existing prices from: c:\Users\pavan.cs\Downloads\spend cube procurement old\forgent-vF\step_3_maintenance\a.mappings\copper_price_index.csv
[2026-08-18 22:06:23] Existing CSV has 20 months
[2026-08-18 22:06:23] 
[2026-08-18 22:06:23] Website months: 2025-09 to 2026-07
[2026-08-18 22:06:23] CSV months:     2025-01 to 2026-07
[2026-08-18 22:06:23] 
[2026-08-18 22:06:23] Comparison:
[2026-08-18 22:06:23]   [OK] 11 months match between website and CSV
[2026-08-18 22:06:23]   [!] 8 month(s) in CSV but not on website - website may have dropped old data
[2026-08-18 22:06:23]   [NEW] 0 new months to add
[2026-08-18 22:06:23] 
[2026-08-18 22:06:23] No new months to add. CSV is up to date.
[2026-08-18 22:06:23] Latest available: 2026-07 ($6.2802/lb)
[2026-08-18 22:06:23] 
[INFO] Note: August 2026 data not yet available. Monthly averages are
       typically published in the first week after the month ends.
[2026-08-18 22:06:23] 
[WARNING] Website has 12 months but CSV has 20. This is expected if the
          website uses a rolling window, but verify data integrity.
[2026-08-18 22:06:23] 
[2026-08-18 22:06:23] Log saved to: c:\Users\pavan.cs\Downloads\spend cube procurement old\forgent-vF\step_3_maintenance\b_scripts\copper_price_updates.log
[2026-08-18 22:06:23] ============================================================
[2026-08-20 17:18:39] ============================================================
[2026-08-20 17:18:39] Copper Price Updater
[2026-08-20 17:18:39] ============================================================
[2026-08-20 17:18:39] Fetching data from: https://www.cnwire.com/CopperPrice.php
[2026-08-20 17:18:43] Found 12 months of price data on website
[2026-08-20 17:18:43] Loading existing prices from: c:\Users\pavan.cs\Downloads\spend cube procurement old\forgent-vF\step_3_maintenance\a.mappings\copper_price_index.csv
[2026-08-20 17:18:43] Existing CSV has 20 months
[2026-08-20 17:18:43] 
[2026-08-20 17:18:43] Website months: 2025-09 to 2026-07
[2026-08-20 17:18:43] CSV months:     2025-01 to 2026-07
[2026-08-20 17:18:43] 
[2026-08-20 17:18:43] Comparison:
[2026-08-20 17:18:43]   [OK] 11 months match between website and CSV
[2026-08-20 17:18:43]   [!] 8 month(s) in CSV but not on website - website may have dropped old data
[2026-08-20 17:18:43]   [NEW] 0 new months to add
[2026-08-20 17:18:43] 
[2026-08-20 17:18:43] No new months to add. CSV is up to date.
[2026-08-20 17:18:43] Latest available: 2026-07 ($6.2802/lb)
[2026-08-20 17:18:43] 
[INFO] Note: August 2026 data not yet available. Monthly averages are
       typically published in the first week after the month ends.
[2026-08-20 17:18:43] 
[WARNING] Website has 12 months but CSV has 20. This is expected if the
          website uses a rolling window, but verify data integrity.
[2026-08-20 17:18:43] 
[2026-08-20 17:18:43] Log saved to: c:\Users\pavan.cs\Downloads\spend cube procurement old\forgent-vF\step_3_maintenance\b_scripts\copper_price_updates.log
[2026-08-20 17:18:43] ============================================================
[2026-08-21 05:00:22] ============================================================
[2026-08-21 05:00:22] Copper Price Updater
[2026-08-21 05:00:22] ============================================================
[2026-08-21 05:00:22] Fetching data from: https://www.cnwire.com/CopperPrice.php
[2026-08-21 05:00:26] Found 12 months of price data on website
[2026-08-21 05:00:26] Loading existing prices from: c:\Users\pavan.cs\Downloads\spend cube procurement old\forgent-vF\step_3_maintenance\a.mappings\copper_price_index.csv
[2026-08-21 05:00:26] Existing CSV has 20 months
[2026-08-21 05:00:26] 
[2026-08-21 05:00:26] Website months: 2025-09 to 2026-07
[2026-08-21 05:00:26] CSV months:     2025-01 to 2026-07
[2026-08-21 05:00:26] 
[2026-08-21 05:00:26] Comparison:
[2026-08-21 05:00:26]   [OK] 11 months match between website and CSV
[2026-08-21 05:00:26]   [!] 8 month(s) in CSV but not on website - website may have dropped old data
[2026-08-21 05:00:26]   [NEW] 0 new months to add
[2026-08-21 05:00:26] 
[2026-08-21 05:00:26] No new months to add. CSV is up to date.
[2026-08-21 05:00:26] Latest available: 2026-07 ($6.2802/lb)
[2026-08-21 05:00:26] 
[INFO] Note: August 2026 data not yet available. Monthly averages are
       typically published in the first week after the month ends.
[2026-08-21 05:00:26] 
[WARNING] Website has 12 months but CSV has 20. This is expected if the
          website uses a rolling window, but verify data integrity.
[2026-08-21 05:00:26] 
[2026-08-21 05:00:26] Log saved to: c:\Users\pavan.cs\Downloads\spend cube procurement old\forgent-vF\step_3_maintenance\b_scripts\copper_price_updates.log
[2026-08-21 05:00:26] ============================================================
[2026-09-08 02:19:51] ============================================================
[2026-09-08 02:19:51] Copper Price Updater
[2026-09-08 02:19:51] ============================================================
[2026-09-08 02:19:51] Fetching data from: https://www.cnwire.com/CopperPrice.php
[2026-09-08 02:19:54] Found 12 months of price data on website
[2026-09-08 02:19:54] Loading existing prices from: c:\Users\pavan.cs\Downloads\spend cube procurement old\forgent-vF\step_3_maintenance\a.mappings\copper_price_index.csv
[2026-09-08 02:19:54] Existing CSV has 20 months
[2026-09-08 02:19:54] 
[2026-09-08 02:19:54] Website months: 2025-10 to 2026-08
[2026-09-08 02:19:54] CSV months:     2025-01 to 2026-07
[2026-09-08 02:19:54] 
[2026-09-08 02:19:54] Comparison:
[2026-09-08 02:19:54]   [OK] 10 months match between website and CSV
[2026-09-08 02:19:54]   [!] 9 month(s) in CSV but not on website - website may have dropped old data
[2026-09-08 02:19:54]   [NEW] 1 new month(s) to add
[2026-09-08 02:19:54] 
Found 1 NEW month(s):
[2026-09-08 02:19:54]   2026-08: $6.5880/lb
[2026-09-08 02:19:54] 
Saving updated prices to: c:\Users\pavan.cs\Downloads\spend cube procurement old\forgent-vF\step_3_maintenance\a.mappings\copper_price_index.csv
[2026-09-08 02:19:54] Done! CSV now has 21 months.
[2026-09-08 02:19:54] 
[2026-09-08 02:19:54] Log saved to: c:\Users\pavan.cs\Downloads\spend cube procurement old\forgent-vF\step_3_maintenance\b_scripts\copper_price_updates.log
[2026-09-08 02:19:54] ============================================================
[2026-09-15 20:01:18] ============================================================
[2026-09-15 20:01:18] Copper Price Updater
[2026-09-15 20:01:18] ============================================================
[2026-09-15 20:01:18] Fetching data from: https://www.cnwire.com/CopperPrice.php
[2026-09-15 20:01:21] Found 12 months of price data on website
[2026-09-15 20:01:21] Loading existing prices from: c:\Users\pavan.cs\Downloads\spend cube procurement old\forgent-vF\step_3_maintenance\a.mappings\copper_price_index.csv
[2026-09-15 20:01:21] Existing CSV has 21 months
[2026-09-15 20:01:21] 
[2026-09-15 20:01:21] Website months: 2025-10 to 2026-08
[2026-09-15 20:01:21] CSV months:     2025-01 to 2026-08
[2026-09-15 20:01:21] 
[2026-09-15 20:01:21] Comparison:
[2026-09-15 20:01:21]   [OK] 11 months match between website and CSV
[2026-09-15 20:01:22]   [!] 9 month(s) in CSV but not on website - website may have dropped old data
[2026-09-15 20:01:22]   [NEW] 0 new months to add
[2026-09-15 20:01:22] 
[2026-09-15 20:01:22] No new months to add. CSV is up to date.
[2026-09-15 20:01:22] Latest available: 2026-08 ($6.5880/lb)
[2026-09-15 20:01:22] 
[INFO] Note: September 2026 data not yet available. Monthly averages are
       typically published in the first week after the month ends.
[2026-09-15 20:01:22] 
[WARNING] Website has 12 months but CSV has 21. This is expected if the
          website uses a rolling window, but verify data integrity.
[2026-09-15 20:01:22] 
[2026-09-15 20:01:22] Log saved to: c:\Users\pavan.cs\Downloads\spend cube procurement old\forgent-vF\step_3_maintenance\b_scripts\copper_price_updates.log
[2026-09-15 20:01:22] ============================================================
[2026-09-25 01:51:05] ============================================================
[2026-09-25 01:51:05] Copper Price Updater
[2026-09-25 01:51:05] ============================================================
[2026-09-25 01:51:05] Fetching data from: https://www.cnwire.com/CopperPrice.php
[2026-09-25 01:51:08] Found 12 months of price data on website
[2026-09-25 01:51:08] Loading existing prices from: c:\Users\pavan.cs\Downloads\spend cube procurement old\forgent-vF\step_3_maintenance\a.mappings\copper_price_index.csv
[2026-09-25 01:51:08] Existing CSV has 21 months
[2026-09-25 01:51:08] 
[2026-09-25 01:51:08] Website months: 2025-10 to 2026-08
[2026-09-25 01:51:08] CSV months:     2025-01 to 2026-08
[2026-09-25 01:51:08] 
[2026-09-25 01:51:08] Comparison:
[2026-09-25 01:51:08]   [OK] 11 months match between website and CSV
[2026-09-25 01:51:08]   [!] 9 month(s) in CSV but not on website - website may have dropped old data
[2026-09-25 01:51:08]   [NEW] 0 new months to add
[2026-09-25 01:51:08] 
[2026-09-25 01:51:08] No new months to add. CSV is up to date.
[2026-09-25 01:51:08] Latest available: 2026-08 ($6.5880/lb)
[2026-09-25 01:51:08] 
[INFO] Note: September 2026 data not yet available. Monthly averages are
       typically published in the first week after the month ends.
[2026-09-25 01:51:08] 
[WARNING] Website has 12 months but CSV has 21. This is expected if the
          website uses a rolling window, but verify data integrity.
[2026-09-25 01:51:08] 
[2026-09-25 01:51:08] Log saved to: c:\Users\pavan.cs\Downloads\spend cube procurement old\forgent-vF\step_3_maintenance\b_scripts\copper_price_updates.log
[2026-09-25 01:51:08] ============================================================
[2026-09-25 02:33:58] ============================================================
[2026-09-25 02:33:58] Copper Price Updater
[2026-09-25 02:33:58] ============================================================
[2026-09-25 02:33:58] Fetching data from: https://www.cnwire.com/CopperPrice.php
[2026-09-25 02:34:01] Found 12 months of price data on website
[2026-09-25 02:34:01] Loading existing prices from: c:\Users\pavan.cs\Downloads\spend cube procurement old\forgent-vF\step_3_maintenance\a.mappings\copper_price_index.csv
[2026-09-25 02:34:01] Existing CSV has 21 months
[2026-09-25 02:34:01] 
[2026-09-25 02:34:01] Website months: 2025-10 to 2026-08
[2026-09-25 02:34:01] CSV months:     2025-01 to 2026-08
[2026-09-25 02:34:01] 
[2026-09-25 02:34:01] Comparison:
[2026-09-25 02:34:01]   [OK] 11 months match between website and CSV
[2026-09-25 02:34:01]   [!] 9 month(s) in CSV but not on website - website may have dropped old data
[2026-09-25 02:34:01]   [NEW] 0 new months to add
[2026-09-25 02:34:01] 
[2026-09-25 02:34:01] No new months to add. CSV is up to date.
[2026-09-25 02:34:01] Latest available: 2026-08 ($6.5880/lb)
[2026-09-25 02:34:01] 
[INFO] Note: September 2026 data not yet available. Monthly averages are
       typically published in the first week after the month ends.
[2026-09-25 02:34:01] 
[WARNING] Website has 12 months but CSV has 21. This is expected if the
          website uses a rolling window, but verify data integrity.
[2026-09-25 02:34:01] 
[2026-09-25 02:34:01] Log saved to: c:\Users\pavan.cs\Downloads\spend cube procurement old\forgent-vF\step_3_maintenance\b_scripts\copper_price_updates.log
[2026-09-25 02:34:01] ============================================================
[2026-09-25 02:48:18] ============================================================
[2026-09-25 02:48:18] Copper Price Updater
[2026-09-25 02:48:18] ============================================================
[2026-09-25 02:48:18] Fetching data from: https://www.cnwire.com/CopperPrice.php
[2026-09-25 02:48:21] Found 12 months of price data on website
[2026-09-25 02:48:21] Loading existing prices from: c:\Users\pavan.cs\Downloads\spend cube procurement old\forgent-vF\step_3_maintenance\a.mappings\copper_price_index.csv
[2026-09-25 02:48:21] Existing CSV has 21 months
[2026-09-25 02:48:21] 
[2026-09-25 02:48:21] Website months: 2025-10 to 2026-08
[2026-09-25 02:48:21] CSV months:     2025-01 to 2026-08
[2026-09-25 02:48:21] 
[2026-09-25 02:48:21] Comparison:
[2026-09-25 02:48:21]   [OK] 11 months match between website and CSV
[2026-09-25 02:48:21]   [!] 9 month(s) in CSV but not on website - website may have dropped old data
[2026-09-25 02:48:21]   [NEW] 0 new months to add
[2026-09-25 02:48:21] 
[2026-09-25 02:48:21] No new months to add. CSV is up to date.
[2026-09-25 02:48:21] Latest available: 2026-08 ($6.5880/lb)
[2026-09-25 02:48:21] 
[INFO] Note: September 2026 data not yet available. Monthly averages are
       typically published in the first week after the month ends.
[2026-09-25 02:48:21] 
[WARNING] Website has 12 months but CSV has 21. This is expected if the
          website uses a rolling window, but verify data integrity.
[2026-09-25 02:48:21] 
[2026-09-25 02:48:21] Log saved to: c:\Users\pavan.cs\Downloads\spend cube procurement old\forgent-vF\step_3_maintenance\b_scripts\copper_price_updates.log
[2026-09-25 02:48:21] ============================================================
[2026-09-25 18:26:36] ============================================================
[2026-09-25 18:26:36] Copper Price Updater
[2026-09-25 18:26:36] ============================================================
[2026-09-25 18:26:36] Fetching data from: https://www.cnwire.com/CopperPrice.php
[2026-09-25 18:26:40] Found 12 months of price data on website
[2026-09-25 18:26:40] Loading existing prices from: c:\Users\pavan.cs\Downloads\spend cube procurement old\forgent-vF\step_3_maintenance\a.mappings\copper_price_index.csv
[2026-09-25 18:26:40] Existing CSV has 21 months
[2026-09-25 18:26:40] 
[2026-09-25 18:26:40] Website months: 2025-10 to 2026-08
[2026-09-25 18:26:40] CSV months:     2025-01 to 2026-08
[2026-09-25 18:26:40] 
[2026-09-25 18:26:40] Comparison:
[2026-09-25 18:26:40]   [OK] 11 months match between website and CSV
[2026-09-25 18:26:40]   [!] 9 month(s) in CSV but not on website - website may have dropped old data
[2026-09-25 18:26:40]   [NEW] 0 new months to add
[2026-09-25 18:26:40] 
[2026-09-25 18:26:40] No new months to add. CSV is up to date.
[2026-09-25 18:26:40] Latest available: 2026-08 ($6.5880/lb)
[2026-09-25 18:26:40] 
[INFO] Note: September 2026 data not yet available. Monthly averages are
       typically published in the first week after the month ends.
[2026-09-25 18:26:40] 
[WARNING] Website has 12 months but CSV has 21. This is expected if the
          website uses a rolling window, but verify data integrity.
[2026-09-25 18:26:40] 
[2026-09-25 18:26:40] Log saved to: c:\Users\pavan.cs\Downloads\spend cube procurement old\forgent-vF\step_3_maintenance\b_scripts\copper_price_updates.log
[2026-09-25 18:26:40] ============================================================
